<?xml version="1.0" encoding="UTF-8"?>
<TestRun id="9d0a54e3-5222-4924-95d9-8940bfdd2f99" name="xh.li@XIONG-ZHANG-IT 2016-01-27 10:08:54" runUser="MODERNDENTALLAB\xh.li" xmlns="http://microsoft.com/schemas/VisualStudio/TeamTest/2010">
  <TestSettings name="本地" id="fdda6114-3506-4039-8bf3-4f18a5d84891">
    <Description>这些设置为本地测试运行的默认测试设置。</Description>
    <Deployment enabled="false" runDeploymentRoot="xh.li_XIONG-ZHANG-IT 2016-01-27 10_08_54">
      <DeploymentItem filename="D:\APP-Res\MDL_CRM\MDL_CRM\bin\Debug\MDL_CRM.exe" />
      <DeploymentItem filename="D:\APP-Res\MDL_CRM\MDL_CRM\dll_files\O2S.Components.PDFRender4NET.dll" />
      <DeploymentItem filename="D:\APP-Res\MDL_CRM\MDL_CRM\dll_files\PictureView.dll" />
      <DeploymentItem filename="D:\APP-Res\MDL_CRM\MDL_CRM\dll_files\PubModel.dll" />
      <DeploymentItem filename="D:\APP-Res\MDL_CRM\MDL_CRM\dll_files\ZComm1.dll" />
    </Deployment>
    <Execution>
      <TestTypeSpecific />
      <AgentRule name="Execution Agents">
      </AgentRule>
    </Execution>
  </TestSettings>
  <Times creation="2016-01-27T10:08:54.0983336+08:00" queuing="2016-01-27T10:08:54.1223336+08:00" start="2016-01-27T10:08:54.1293336+08:00" finish="2016-01-27T10:08:54.5183336+08:00" />
  <ResultSummary outcome="Failed">
    <Counters total="1" executed="1" error="0" failed="1" timeout="0" aborted="0" inconclusive="0" passedButRunAborted="0" notRunnable="0" notExecuted="0" disconnected="0" warning="0" passed="0" completed="0" inProgress="0" pending="0" />
  </ResultSummary>
  <TestDefinitions>
    <UnitTest name="getSaleorderTest" storage="d:\app-res\mdl_crm\mdl_crm_test\bin\debug\mdl_crm_test.dll" id="fd6fc8cf-13a9-c23d-094d-fc10b9451653">
      <Execution id="f2f2cf98-b494-48bf-874b-e0299ddd95b5" />
      <TestMethod codeBase="D:/APP-Res/MDL_CRM/MDL_CRM_Test/bin/Debug/MDL_CRM_Test.DLL" adapterTypeName="Microsoft.VisualStudio.TestTools.TestTypes.Unit.UnitTestAdapter, Microsoft.VisualStudio.QualityTools.Tips.UnitTest.Adapter, Version=10.0.0.0, Culture=neutral, PublicKeyToken=b03f5f7f11d50a3a" className="MDL_CRM_Test.SaleOrderHelperTest, MDL_CRM_Test, Version=1.0.0.0, Culture=neutral, PublicKeyToken=null" name="getSaleorderTest" />
    </UnitTest>
  </TestDefinitions>
  <TestLists>
    <TestList name="列表中未列出的结果" id="8c84fa94-04c1-424b-9868-57a2d4851a1d" />
    <TestList name="所有已加载的结果" id="19431567-8539-422a-85d7-44ee4e166bda" />
  </TestLists>
  <TestEntries>
    <TestEntry testId="fd6fc8cf-13a9-c23d-094d-fc10b9451653" executionId="f2f2cf98-b494-48bf-874b-e0299ddd95b5" testListId="8c84fa94-04c1-424b-9868-57a2d4851a1d" />
  </TestEntries>
  <Results>
    <UnitTestResult executionId="f2f2cf98-b494-48bf-874b-e0299ddd95b5" testId="fd6fc8cf-13a9-c23d-094d-fc10b9451653" testName="getSaleorderTest" computerName="XIONG-ZHANG-IT" duration="00:00:00.2117689" startTime="2016-01-27T10:08:54.1333336+08:00" endTime="2016-01-27T10:08:54.4953336+08:00" testType="13cdc9d9-ddb5-4fa4-a97d-d965ccfc6d4b" outcome="Failed" testListId="8c84fa94-04c1-424b-9868-57a2d4851a1d" relativeResultsDirectory="f2f2cf98-b494-48bf-874b-e0299ddd95b5">
      <Output>
        <ErrorInfo>
          <Message>Assert.AreEqual 失败。应为: &lt;15&gt;，实际为: &lt;5&gt;。</Message>
          <StackTrace>   在 MDL_CRM_Test.SaleOrderHelperTest.getSaleorderTest() 位置 D:\APP-Res\MDL_CRM\MDL_CRM_Test\SaleOrderHelperTest.cs:行号 84
</StackTrace>
        </ErrorInfo>
      </Output>
    </UnitTestResult>
  </Results>
</TestRun>